Found 1 test(s).
python : Creating test 
database for alias 
'default'...
En línea: 1 Carácter: 1
+ python manage.py test m
emberships.tests_membersh
ip_update.FieldPreser ...
+ ~~~~~~~~~~~~~~~~~~~~~~~
~~~~~~~~~~~~~~~~~~~~~~~~~
~~~~~~~~~~~~~~~~~~~~~
    + CategoryInfo       
       : NotSpecified:   
  (Creating test d...a   
 s 'default'...:Strin    
g) [], RemoteExcepti    
on
    + FullyQualifiedErro 
   rId : NativeCommandE  
  rror
 

System check identified no issues (0 silenced).
E
=========================
=========================
====================
ERROR: test_billing_dates
_not_changed (memberships
.tests_membership_update.
FieldPreservationTestCase
.test_billing_dates_not_c
hanged)
Las fechas de 
facturaci¾n no deben 
cambiar al actualizar el 
plan
-------------------------
-------------------------
--------------------
Traceback (most recent 
call last):
  File "C:\Users\santi\On
eDrive\Escritorio\New_crm
\memberships\tests_member
ship_update.py", line 
661, in setUp
    self.franchise = Fran
chise.objects.create(name
='Test', slug='test')
                     ~~~~
~~~~~~~~~~~~~~~~~~~~^^^^^
^^^^^^^^^^^^^^^^^^^^^
  File "C:\Users\santi\Ap
pData\Local\Programs\Pyth
on\Python313\Lib\site-pac
kages\django\db\models\ma
nager.py", line 87, in 
manager_method
    return getattr(self.g
et_queryset(), 
name)(*args, **kwargs)
           ~~~~~~~~~~~~~~
~~~~~~~~~~~~~~~~~~~~^^^^^
^^^^^^^^^^^^
  File "C:\Users\santi\Ap
pData\Local\Programs\Pyth
on\Python313\Lib\site-pac
kages\django\db\models\qu
ery.py", line 658, in 
create
    obj = 
self.model(**kwargs)
  File "C:\Users\santi\Ap
pData\Local\Programs\Pyth
on\Python313\Lib\site-pac
kages\django\db\models\ba
se.py", line 567, in 
__init__
    raise TypeError(
    ...<2 lines>...
    )
TypeError: Franchise() 
got unexpected keyword 
arguments: 'slug'

-------------------------
-------------------------
--------------------
Ran 1 test in 0.004s

FAILED (errors=1)
Destroying test database 
for alias 'default'...

